<html>
<body>
<pre>
<h1>µVision Build Log</h1>
<h2>Project:</h2>
\\psf\Home\Documents\Education\Courses\USU\ECE 3710\lab0\blinky\SP.uvprojx
Project File Date:  09/07/2015

<h2>Output:</h2>
Build target 'Target 1'
assembling main.s...
assembling Startup.s...
linking...
Program Size: Code=916 RO-data=0 RW-data=0 ZI-data=1024  
".\Objects\SP.axf" - 0 Error(s), 0 Warning(s).
Load "\\\\psf\\Home\\Documents\\Education\\Courses\\USU\\ECE 3710\\lab0\\blinky\\Objects\\SP.axf" 
Connecting: Mode=JTAG, Speed=1000000Hz
Erase Done.
Programming Done.
Verify OK.
</pre>
</body>
</html>
